Microchip MPLAB XC8 Compiler V1.43 ()

Linker command line:

--edf=C:\Program Files (x86)\Microchip\xc8\v1.43\dat\en_msgs.txt -cs \
  -h+dist/default/debug\Assignment_I.X.debug.sym \
  --cmf=dist/default/debug\Assignment_I.X.debug.cmf -z -Q18F45K20 \
  -oC:\Users\w0401926\AppData\Local\Temp\s9ns.2 \
  -Mdist/default/debug/Assignment_I.X.debug.map -E1 -ver=XC8 \
  -ASTACK=09Fh-05ffh -pstack=STACK -ACODE=00h-07FFFh -ACONST=00h-07FFFh \
  -ASMALLCONST=0600h-06FFhx122 -AMEDIUMCONST=0600h-07FFFh -ACOMRAM=01h-05Fh \
  -AABS1=00h-05FFh -ABIGRAM=01h-05FFh -ARAM=060h-0FFh,0100h-01FFhx5 \
  -ABANK0=060h-0FFh -ABANK1=0100h-01FFh -ABANK2=0200h-02FFh \
  -ABANK3=0300h-03FFh -ABANK4=0400h-04FFh -ABANK5=0500h-05FFh \
  -ASFR=0F60h-0FFFh -preset_vec=00h,intcode,intcodelo,powerup,init \
  -pramtop=0600h -psmallconst=SMALLCONST -pmediumconst=MEDIUMCONST \
  -pconst=CONST -AFARRAM=00h-00h -ACONFIG=0300000h-030000Dh -pconfig=CONFIG \
  -AIDLOC=0200000h-0200007h -pidloc=IDLOC -AEEDATA=0F00000h-0F000FFh \
  -peeprom_data=EEDATA \
  -prdata=COMRAM,nvrram=COMRAM,nvbit=COMRAM,rbss=COMRAM,rbit=COMRAM \
  -pfarbss=FARRAM,fardata=FARRAM,nvFARRAM=FARRAM \
  -pintsave_regs=BIGRAM,bigbss=BIGRAM,bigdata=BIGRAM -pbss=RAM \
  -pidata=CODE,irdata=CODE,ibigdata=CODE,ifardata=CODE -prparam=COMRAM \
  C:\Users\w0401926\AppData\Local\Temp\s9ns.obj \
  dist/default/debug\Assignment_I.X.debug.obj 

Object code version is 3.11

Machine type is 18F45K20

Call graph: (short form)




                Name                               Link     Load   Length Selector   Space Scale
C:\Users\w0401926\AppData\Local\Temp\s9ns.obj
                init                                  0        0        4        0       0
                idloc                            200000   200000        8   200000       0
                config                           300000   300000        E   300000       0
dist/default/debug\Assignment_I.X.debug.obj
                mediumconst                        7EB8     7EB8      148     3F5C       0
                text22                             5A3E     5A3E       AE     2D1F       0
                text21                             5AEC     5AEC       E6     2D76       0
                text20                             59AE     59AE       90     2CD7       0
                text19                             56EC     56EC       24     2B76       0
                text18                             6014     6014      1AC     300A       0
                text17                             5736     5736       40     2B9B       0
                text16                             5BD2     5BD2       F4     2DE9       0
                text15                             58A8     58A8       82     2C54       0
                text14                             57D2     57D2       66     2BE9       0
                text13                             5776     5776       5C     2BBB       0
                text12                             5DBA     5DBA      128     2EDD       0
                text11                             5EE2     5EE2      132     2F71       0
                text10                             592A     592A       84     2C95       0
                text9                              5838     5838       70     2C1C       0
                text8                              5CC6     5CC6       F4     2E63       0
                text7                              5710     5710       26     2B88       0
                text6                              6372     6372      252     31B9       0
                text5                              56CE     56CE       1E     2B67       0
                text4                              56AA     56AA        C     2B55       0
                text3                              65C4     65C4      408     32E2       0
                text2                              69CC     69CC     14EC     34E6       0
                text1                              56B6     56B6       18     2B5B       0
                text0                              61C0     61C0      1B2     30E0       0
                cstackCOMRAM                          1        1       5D        1       1
                cstackBANK0                          60       60       3F       60       1
                cinit                              56A0     56A0        A     2B50       0

TOTAL           Name                               Link     Load   Length     Space
        CLASS   STACK          

        CLASS   CODE           
                init                                  0        0        4         0
                text22                             5A3E     5A3E       AE         0
                text21                             5AEC     5AEC       E6         0
                text20                             59AE     59AE       90         0
                text19                             56EC     56EC       24         0
                text18                             6014     6014      1AC         0
                text17                             5736     5736       40         0
                text16                             5BD2     5BD2       F4         0
                text15                             58A8     58A8       82         0
                text14                             57D2     57D2       66         0
                text13                             5776     5776       5C         0
                text12                             5DBA     5DBA      128         0
                text11                             5EE2     5EE2      132         0
                text10                             592A     592A       84         0
                text9                              5838     5838       70         0
                text8                              5CC6     5CC6       F4         0
                text7                              5710     5710       26         0
                text6                              6372     6372      252         0
                text5                              56CE     56CE       1E         0
                text4                              56AA     56AA        C         0
                text3                              65C4     65C4      408         0
                text2                              69CC     69CC     14EC         0
                text1                              56B6     56B6       18         0
                text0                              61C0     61C0      1B2         0
                cinit                              56A0     56A0        A         0

        CLASS   CONST          

        CLASS   SMALLCONST     

        CLASS   MEDIUMCONST    
                mediumconst                        7EB8     7EB8      148         0

        CLASS   COMRAM         
                cstackCOMRAM                          1        1       5D         1

        CLASS   ABS1           

        CLASS   BIGRAM         

        CLASS   RAM            

        CLASS   BANK0          
                cstackBANK0                          60       60       3F         1

        CLASS   BANK1          

        CLASS   BANK2          

        CLASS   BANK3          

        CLASS   BANK4          

        CLASS   BANK5          

        CLASS   SFR            

        CLASS   FARRAM         

        CLASS   CONFIG         
                config                           300000   300000        E         0

        CLASS   IDLOC          
                idloc                            200000   200000        8         0

        CLASS   EEDATA         



SEGMENTS        Name                           Load    Length   Top    Selector   Space  Class

                reset_vec                      000000  000004  000004         0       0  CODE    
                cstackCOMRAM                   000001  00005D  00005E         1       1  COMRAM  
                cstackBANK0                    000060  00003F  00009F        60       1  BANK0   
                cinit                          0056A0  00000A  0056AA      2B50       0  CODE    
                text4                          0056AA  00000C  0056B6      2B55       0  CODE    
                text1                          0056B6  000018  0056CE      2B5B       0  CODE    
                text5                          0056CE  00001E  0056EC      2B67       0  CODE    
                text19                         0056EC  000024  005710      2B76       0  CODE    
                text7                          005710  000026  005736      2B88       0  CODE    
                text17                         005736  000040  005776      2B9B       0  CODE    
                text13                         005776  00005C  0057D2      2BBB       0  CODE    
                text14                         0057D2  000066  005838      2BE9       0  CODE    
                text9                          005838  000070  0058A8      2C1C       0  CODE    
                text15                         0058A8  000082  00592A      2C54       0  CODE    
                text10                         00592A  000084  0059AE      2C95       0  CODE    
                text20                         0059AE  000090  005A3E      2CD7       0  CODE    
                text22                         005A3E  0000AE  005AEC      2D1F       0  CODE    
                text21                         005AEC  0000E6  005BD2      2D76       0  CODE    
                text16                         005BD2  0000F4  005CC6      2DE9       0  CODE    
                text8                          005CC6  0000F4  005DBA      2E63       0  CODE    
                text12                         005DBA  000128  005EE2      2EDD       0  CODE    
                text11                         005EE2  000132  006014      2F71       0  CODE    
                text18                         006014  0001AC  0061C0      300A       0  CODE    
                text0                          0061C0  0001B2  006372      30E0       0  CODE    
                text6                          006372  000252  0065C4      31B9       0  CODE    
                text3                          0065C4  000408  0069CC      32E2       0  CODE    
                text2                          0069CC  0014EC  007EB8      34E6       0  CODE    
                mediumconst                    007EB8  000148  008000      3F5C       0  MEDIUMCO
                idloc                          200000  000008  200008    200000       0  IDLOC   
                config                         300000  00000E  30000E    300000       0  CONFIG  


UNUSED ADDRESS RANGES

        Name                Unused          Largest block    Delta
        BANK0            00009F-0000FF               61
        BANK1            000100-0001FF              100
        BANK2            000200-0002FF              100
        BANK3            000300-0003FF              100
        BANK4            000400-0004FF              100
        BANK5            000500-0005FF              100
        BIGRAM           00005E-00005F                2
                         00009F-0005FF              561
        CODE             000004-00569F             569C
        COMRAM           00005E-00005F                2
        CONST            000004-00569F             569C
        EEDATA           F00000-F000FF              100
        MEDIUMCONST      000600-00569F             50A0
        RAM              00009F-0005FF              100
        SFR              000F60-000FFF               A0
        SMALLCONST       000600-00569F              100
        STACK            00009F-0005FF              561

                                  Symbol Table

?___awdiv                cstackCOMRAM 000007
?___awmod                cstackCOMRAM 000001
?___ftadd                cstackCOMRAM 000049
?___ftdiv                cstackCOMRAM 000046
?___ftmul                cstackCOMRAM 000030
?___ftneg                cstackCOMRAM 00002D
?___ftpack               cstackCOMRAM 000001
?___ftsub                cstackCOMRAM 000055
?___fttol                cstackCOMRAM 000015
?___lldiv                cstackCOMRAM 000001
?___llmod                cstackCOMRAM 00000E
?___lltoft               cstackCOMRAM 000024
?___wmul                 cstackCOMRAM 00000F
?__div_to_l_             cstackCOMRAM 000001
?__tdiv_to_l_            cstackCOMRAM 000001
?_fround                 cstackCOMRAM 00003F
?_printf                 cstackBANK0  000060
?_scale                  cstackCOMRAM 00003F
_BRG16                   (abs)        007DC3
_BRGH                    (abs)        007D62
_CREN                    (abs)        007D5C
_INTCON                  (abs)        000FF2
_RCIF                    (abs)        007CF5
_RCREG                   (abs)        000FAE
_RX9                     (abs)        007D5E
_SPBRG                   (abs)        000FAF
_SPEN                    (abs)        007D5F
_SYNC                    (abs)        007D64
_TXEN                    (abs)        007D65
_TXIF                    (abs)        007CF4
_TXREG                   (abs)        000FAD
__CFG_FOSC$INTIO67       (abs)        000000
__CFG_LVP$OFF            (abs)        000000
__CFG_WDTEN$OFF          (abs)        000000
__HRAM                   (abs)        000000
__Habs1                  abs1         000000
__Hbank0                 bank0        000000
__Hbank1                 bank1        000000
__Hbank2                 bank2        000000
__Hbank3                 bank3        000000
__Hbank4                 bank4        000000
__Hbank5                 bank5        000000
__Hbigbss                bigbss       000000
__Hbigdata               bigdata      000000
__Hbigram                bigram       000000
__Hbss                   bss          000000
__Hcinit                 cinit        000000
__Hclrtext               clrtext      000000
__Hcomram                comram       000000
__Hconfig                config       30000E
__Hconst                 const        000000
__HcstackBANK0           cstackBANK0  000000
__HcstackCOMRAM          cstackCOMRAM 000000
__Hdata                  data         000000
__Heeprom_data           eeprom_data  000000
__Hfarbss                farbss       000000
__Hfardata               fardata      000000
__Hibigdata              ibigdata     000000
__Hidata                 idata        000000
__Hidloc                 idloc        200008
__Hifardata              ifardata     000000
__Hinit                  init         000004
__Hintcode               intcode      000000
__Hintcode_body          intcode_body 000000
__Hintcodelo             intcodelo    000000
__Hintentry              intentry     000000
__Hintret                intret       000000
__Hintsave_regs          intsave_regs 000000
__Hirdata                irdata       000000
__Hmediumconst           mediumconst  008000
__HnvFARRAM              nvFARRAM     000000
__Hnvbit                 nvbit        000000
__Hnvrram                nvrram       000000
__Hparam                 rparam       000000
__Hpowerup               powerup      000000
__Hram                   ram          000000
__Hramtop                ramtop       000600
__Hrbit                  rbit         000000
__Hrbss                  rbss         000000
__Hrdata                 rdata        000000
__Hreset_vec             reset_vec    000000
__Hrparam                rparam       000000
__Hsfr                   sfr          000000
__Hsmallconst            smallconst   000000
__Hspace_0               (abs)        30000E
__Hspace_1               (abs)        00009F
__Hspace_2               (abs)        000000
__Hstack                 stack        000000
__Hstruct                struct       000000
__Htemp                  temp         000000
__Htext                  text         000000
__Htext0                 text0        000000
__Htext1                 text1        000000
__Htext10                text10       000000
__Htext11                text11       000000
__Htext12                text12       000000
__Htext13                text13       000000
__Htext14                text14       000000
__Htext15                text15       000000
__Htext16                text16       000000
__Htext17                text17       000000
__Htext18                text18       000000
__Htext19                text19       000000
__Htext2                 text2        000000
__Htext20                text20       000000
__Htext21                text21       000000
__Htext22                text22       000000
__Htext3                 text3        000000
__Htext4                 text4        000000
__Htext5                 text5        000000
__Htext6                 text6        000000
__Htext7                 text7        000000
__Htext8                 text8        000000
__Htext9                 text9        000000
__LRAM                   (abs)        000001
__Labs1                  abs1         000000
__Lbank0                 bank0        000000
__Lbank1                 bank1        000000
__Lbank2                 bank2        000000
__Lbank3                 bank3        000000
__Lbank4                 bank4        000000
__Lbank5                 bank5        000000
__Lbigbss                bigbss       000000
__Lbigdata               bigdata      000000
__Lbigram                bigram       000000
__Lbss                   bss          000000
__Lcinit                 cinit        000000
__Lclrtext               clrtext      000000
__Lcomram                comram       000000
__Lconfig                config       300000
__Lconst                 const        000000
__LcstackBANK0           cstackBANK0  000000
__LcstackCOMRAM          cstackCOMRAM 000000
__Ldata                  data         000000
__Leeprom_data           eeprom_data  000000
__Lfarbss                farbss       000000
__Lfardata               fardata      000000
__Libigdata              ibigdata     000000
__Lidata                 idata        000000
__Lidloc                 idloc        200000
__Lifardata              ifardata     000000
__Linit                  init         000000
__Lintcode               intcode      000000
__Lintcode_body          intcode_body 000000
__Lintcodelo             intcodelo    000000
__Lintentry              intentry     000000
__Lintret                intret       000000
__Lintsave_regs          intsave_regs 000000
__Lirdata                irdata       000000
__Lmediumconst           mediumconst  007EB8
__LnvFARRAM              nvFARRAM     000000
__Lnvbit                 nvbit        000000
__Lnvrram                nvrram       000000
__Lparam                 rparam       000000
__Lpowerup               powerup      000000
__Lram                   ram          000000
__Lramtop                ramtop       000600
__Lrbit                  rbit         000000
__Lrbss                  rbss         000000
__Lrdata                 rdata        000000
__Lreset_vec             reset_vec    000000
__Lrparam                rparam       000000
__Lsfr                   sfr          000000
__Lsmallconst            smallconst   000000
__Lspace_0               (abs)        000000
__Lspace_1               (abs)        000000
__Lspace_2               (abs)        000000
__Lstack                 stack        000000
__Lstruct                struct       000000
__Ltemp                  temp         000000
__Ltext                  text         000000
__Ltext0                 text0        000000
__Ltext1                 text1        000000
__Ltext10                text10       000000
__Ltext11                text11       000000
__Ltext12                text12       000000
__Ltext13                text13       000000
__Ltext14                text14       000000
__Ltext15                text15       000000
__Ltext16                text16       000000
__Ltext17                text17       000000
__Ltext18                text18       000000
__Ltext19                text19       000000
__Ltext2                 text2        000000
__Ltext20                text20       000000
__Ltext21                text21       000000
__Ltext22                text22       000000
__Ltext3                 text3        000000
__Ltext4                 text4        000000
__Ltext5                 text5        000000
__Ltext6                 text6        000000
__Ltext7                 text7        000000
__Ltext8                 text8        000000
__Ltext9                 text9        000000
__S0                     (abs)        30000E
__S1                     (abs)        00009F
__S2                     (abs)        000000
___awdiv                 text10       00592A
___awdiv@counter         cstackCOMRAM 00000B
___awdiv@dividend        cstackCOMRAM 000007
___awdiv@divisor         cstackCOMRAM 000009
___awdiv@quotient        cstackCOMRAM 00000D
___awdiv@sign            cstackCOMRAM 00000C
___awmod                 text9        005838
___awmod@counter         cstackCOMRAM 000005
___awmod@dividend        cstackCOMRAM 000001
___awmod@divisor         cstackCOMRAM 000003
___awmod@sign            cstackCOMRAM 000006
___ftadd                 text18       006014
___ftadd@exp1            cstackCOMRAM 000054
___ftadd@exp2            cstackCOMRAM 000053
___ftadd@f1              cstackCOMRAM 000049
___ftadd@f2              cstackCOMRAM 00004C
___ftadd@sign            cstackCOMRAM 000052
___ftdiv                 text21       005AEC
___ftdiv@cntr            cstackCOMRAM 00004F
___ftdiv@exp             cstackCOMRAM 000053
___ftdiv@f1              cstackCOMRAM 000046
___ftdiv@f2              cstackCOMRAM 000049
___ftdiv@f3              cstackCOMRAM 000050
___ftdiv@sign            cstackCOMRAM 000054
___ftge                  text20       0059AE
___ftge@ff1              cstackCOMRAM 000055
___ftge@ff2              cstackCOMRAM 000058
___ftmul                 text8        005CC6
___ftmul@cntr            cstackCOMRAM 00003D
___ftmul@exp             cstackCOMRAM 000039
___ftmul@f1              cstackCOMRAM 000030
___ftmul@f2              cstackCOMRAM 000033
___ftmul@f3_as_product   cstackCOMRAM 00003A
___ftmul@sign            cstackCOMRAM 00003E
___ftneg                 text19       0056EC
___ftneg@f1              cstackCOMRAM 00002D
___ftpack                text22       005A3E
___ftpack@arg            cstackCOMRAM 000001
___ftpack@exp            cstackCOMRAM 000004
___ftpack@sign           cstackCOMRAM 000005
___ftsub                 text17       005736
___ftsub@f1              cstackCOMRAM 000055
___ftsub@f2              cstackCOMRAM 000058
___fttol                 text16       005BD2
___fttol@exp1            cstackCOMRAM 000023
___fttol@f1              cstackCOMRAM 000015
___fttol@lval            cstackCOMRAM 00001F
___fttol@sign1           cstackCOMRAM 00001E
___inthi_sp              stack        000000
___intlo_sp              stack        000000
___lldiv                 text15       0058A8
___lldiv@counter         cstackCOMRAM 00000D
___lldiv@dividend        cstackCOMRAM 000001
___lldiv@divisor         cstackCOMRAM 000005
___lldiv@quotient        cstackCOMRAM 000009
___llmod                 text14       0057D2
___llmod@counter         cstackCOMRAM 000016
___llmod@dividend        cstackCOMRAM 00000E
___llmod@divisor         cstackCOMRAM 000012
___lltoft                text13       005776
___lltoft@c              cstackCOMRAM 000024
___lltoft@exp            cstackCOMRAM 00002C
___param_bank            (abs)        000000
___rparam_used           (abs)        000001
___sp                    stack        000000
___wmul                  text7        005710
___wmul@multiplicand     cstackCOMRAM 000011
___wmul@multiplier       cstackCOMRAM 00000F
___wmul@product          cstackCOMRAM 000013
__accesstop              (abs)        000060
__activetblptr           (abs)        000002
__div_to_l_              text12       005DBA
__div_to_l_@cntr         cstackCOMRAM 00000B
__div_to_l_@exp1         cstackCOMRAM 00000C
__div_to_l_@f1           cstackCOMRAM 000001
__div_to_l_@f2           cstackCOMRAM 000004
__div_to_l_@quot         cstackCOMRAM 000007
__end_of___awdiv         text10       0059AE
__end_of___awmod         text9        0058A8
__end_of___ftadd         text18       0061C0
__end_of___ftdiv         text21       005BD2
__end_of___ftge          text20       005A3E
__end_of___ftmul         text8        005DBA
__end_of___ftneg         text19       005710
__end_of___ftpack        text22       005AEC
__end_of___ftsub         text17       005776
__end_of___fttol         text16       005CC6
__end_of___lldiv         text15       00592A
__end_of___llmod         text14       005838
__end_of___lltoft        text13       0057D2
__end_of___wmul          text7        005736
__end_of__div_to_l_      text12       005EE2
__end_of__initialization cinit        0056A0
__end_of__npowers_       mediumconst  007F2F
__end_of__powers_        mediumconst  007F08
__end_of__tdiv_to_l_     text11       006014
__end_of_dpowers         mediumconst  007EE1
__end_of_fround          text6        0065C4
__end_of_isdigit         text5        0056EC
__end_of_main            text0        006372
__end_of_printf          text2        007EB8
__end_of_putch           text4        0056B6
__end_of_scale           text3        0069CC
__end_of_setUSART        text1        0056CE
__initialization         cinit        0056A0
__mediumconst            mediumconst  007EB8
__npowers_               mediumconst  007F08
__pcinit                 cinit        0056A0
__pcstackBANK0           cstackBANK0  000060
__pcstackCOMRAM          cstackCOMRAM 000001
__pmediumconst           mediumconst  007EB8
__powers_                mediumconst  007EE1
__ptext0                 text0        0061C0
__ptext1                 text1        0056B6
__ptext10                text10       00592A
__ptext11                text11       005EE2
__ptext12                text12       005DBA
__ptext13                text13       005776
__ptext14                text14       0057D2
__ptext15                text15       0058A8
__ptext16                text16       005BD2
__ptext17                text17       005736
__ptext18                text18       006014
__ptext19                text19       0056EC
__ptext2                 text2        0069CC
__ptext20                text20       0059AE
__ptext21                text21       005AEC
__ptext22                text22       005A3E
__ptext3                 text3        0065C4
__ptext4                 text4        0056AA
__ptext5                 text5        0056CE
__ptext6                 text6        006372
__ptext7                 text7        005710
__ptext8                 text8        005CC6
__ptext9                 text9        005838
__ramtop                 ramtop       000600
__size_of___awdiv        (abs)        000000
__size_of___awmod        (abs)        000000
__size_of___ftadd        (abs)        000000
__size_of___ftdiv        (abs)        000000
__size_of___ftge         (abs)        000000
__size_of___ftmul        (abs)        000000
__size_of___ftneg        (abs)        000000
__size_of___ftpack       (abs)        000000
__size_of___ftsub        (abs)        000000
__size_of___fttol        (abs)        000000
__size_of___lldiv        (abs)        000000
__size_of___llmod        (abs)        000000
__size_of___lltoft       (abs)        000000
__size_of___wmul         (abs)        000000
__size_of__div_to_l_     (abs)        000000
__size_of__tdiv_to_l_    (abs)        000000
__size_of_fround         (abs)        000000
__size_of_isdigit        (abs)        000000
__size_of_main           (abs)        000000
__size_of_printf         (abs)        000000
__size_of_putch          (abs)        000000
__size_of_scale          (abs)        000000
__size_of_setUSART       (abs)        000000
__smallconst             smallconst   000000
__tdiv_to_l_             text11       005EE2
__tdiv_to_l_@cntr        cstackCOMRAM 00000E
__tdiv_to_l_@exp1        cstackCOMRAM 00000F
__tdiv_to_l_@f1          cstackCOMRAM 000001
__tdiv_to_l_@f2          cstackCOMRAM 000004
__tdiv_to_l_@quot        cstackCOMRAM 00000A
_dpowers                 mediumconst  007EB9
_fround                  text6        006372
_fround$695              cstackCOMRAM 000045
_fround$696              cstackCOMRAM 000042
_isdigit                 text5        0056CE
_isdigit$361             cstackCOMRAM 000002
_main                    text0        0061C0
_printf                  text2        0069CC
_printf$131              cstackBANK0  000070
_printf$134              cstackBANK0  000072
_printf$135              cstackBANK0  000074
_printf$698              cstackBANK0  00006D
_putch                   text4        0056AA
_scale                   text3        0065C4
_scale$697               cstackCOMRAM 000042
_setUSART                text1        0056B6
end_of_initialization    cinit        0056A0
fround@prec              cstackCOMRAM 000048
intlevel0                text         000000
intlevel1                text         000000
intlevel2                text         000000
intlevel3                text         000000
isdigit@c                cstackCOMRAM 000003
main@Vp                  cstackBANK0  00008F
main@a                   cstackBANK0  000098
main@b                   cstackBANK0  00009A
main@l                   cstackBANK0  000092
main@res                 cstackBANK0  00009C
main@w                   cstackBANK0  000095
printf@ap                cstackBANK0  000079
printf@c                 cstackBANK0  00008E
printf@exp               cstackBANK0  000081
printf@f                 cstackBANK0  000060
printf@flag              cstackBANK0  00008C
printf@fval              cstackBANK0  000087
printf@prec              cstackBANK0  00008A
printf@temp              cstackBANK0  000076
printf@tmpval            cstackBANK0  00007B
printf@val               cstackBANK0  000083
printf@width             cstackBANK0  00007F
putch@byte               cstackCOMRAM 000001
scale@scl                cstackCOMRAM 000045
stackhi                  (abs)        0005FF
stacklo                  (abs)        00009F
start                    init         000000
start_initialization     cinit        0056A0


FUNCTION INFORMATION:

 *************** function _main *****************
 Defined at:
		line 23 in file "//nsccdtfs4/students/W0401926/Assignments/Microcontrollers/files/Var_Op.c"
 Parameters:    Size  Location     Type
		None
 Auto vars:     Size  Location     Type
  res             3   60[BANK0 ] float 
  w               3   53[BANK0 ] float 
  l               3   50[BANK0 ] float 
  Vp              3   47[BANK0 ] float 
  b               2   58[BANK0 ] int 
  a               2   56[BANK0 ] int 
 Return value:  Size  Location     Type
                  1    wreg      void 
 Registers used:
		wreg, fsr2l, fsr2h, status,2, status,0, tblptrl, tblptrh, tblptru, prodl, prodh, cstack
 Tracked objects:
		On entry : 
		On exit  : 
		Unchanged: 
 Data sizes:     COMRAM   BANK0   BANK1   BANK2   BANK3   BANK4   BANK5
      Params:         0       0       0       0       0       0       0
      Locals:         0      16       0       0       0       0       0
      Temps:          0       0       0       0       0       0       0
      Totals:         0      16       0       0       0       0       0
Total ram usage:       16 bytes
 Hardware stack levels required when called:    4
 This function calls:
		___ftmul
		___fttol
		_printf
		_setUSART
 This function is called by:
		Startup code after reset
 This function uses a non-reentrant model


 *************** function _setUSART *****************
 Defined at:
		line 70 in file "//nsccdtfs4/students/W0401926/Assignments/Microcontrollers/files/Var_Op.c"
 Parameters:    Size  Location     Type
		None
 Auto vars:     Size  Location     Type
		None
 Return value:  Size  Location     Type
                  1    wreg      void 
 Registers used:
		wreg, status,2
 Tracked objects:
		On entry : 
		On exit  : 
		Unchanged: 
 Data sizes:     COMRAM   BANK0   BANK1   BANK2   BANK3   BANK4   BANK5
      Params:         0       0       0       0       0       0       0
      Locals:         0       0       0       0       0       0       0
      Temps:          0       0       0       0       0       0       0
      Totals:         0       0       0       0       0       0       0
Total ram usage:        0 bytes
 Hardware stack levels used:    1
 This function calls:
		Nothing
 This function is called by:
		_main
 This function uses a non-reentrant model


 *************** function _printf *****************
 Defined at:
		line 464 in file "C:\Program Files (x86)\Microchip\xc8\v1.43\sources\common\doprnt.c"
 Parameters:    Size  Location     Type
  f               2    0[BANK0 ] PTR const unsigned char 
		 -> STR_15(2), STR_14(28), STR_13(2), STR_12(2), 
		 -> STR_11(47), STR_10(2), STR_9(2), STR_8(2), 
		 -> STR_7(12), STR_6(2), STR_5(55), STR_4(2), 
		 -> STR_3(25), STR_2(2), STR_1(38), 
 Auto vars:     Size  Location     Type
  temp            3   22[BANK0 ] PTR const unsigned char 
  val             4   35[BANK0 ] unsigned long 
  tmpval          4   27[BANK0 ] struct .
  fval            3   39[BANK0 ] struct .
  cp              3    0        PTR const unsigned char 
  flag            2   44[BANK0 ] unsigned short 
  prec            2   42[BANK0 ] int 
  exp             2   33[BANK0 ] int 
  width           2   31[BANK0 ] int 
  ap              2   25[BANK0 ] PTR void [1]
		 -> ?_printf(2), 
  len             2    0        unsigned int 
  c               1   46[BANK0 ] char 
  d               1    0        unsigned char 
 Return value:  Size  Location     Type
                  2    0[BANK0 ] int 
 Registers used:
		wreg, fsr2l, fsr2h, status,2, status,0, tblptrl, tblptrh, tblptru, prodl, prodh, cstack
 Tracked objects:
		On entry : 
		On exit  : 
		Unchanged: 
 Data sizes:     COMRAM   BANK0   BANK1   BANK2   BANK3   BANK4   BANK5
      Params:         0       7       0       0       0       0       0
      Locals:         0      34       0       0       0       0       0
      Temps:          0       6       0       0       0       0       0
      Totals:         0      47       0       0       0       0       0
Total ram usage:       47 bytes
 Hardware stack levels used:    1
 Hardware stack levels required when called:    3
 This function calls:
		___awdiv
		___awmod
		___ftadd
		___ftdiv
		___ftge
		___ftmul
		___ftneg
		___ftsub
		___fttol
		___lldiv
		___llmod
		___lltoft
		___wmul
		__div_to_l_
		__tdiv_to_l_
		_fround
		_isdigit
		_putch
		_scale
 This function is called by:
		_main
 This function uses a non-reentrant model


 *************** function _scale *****************
 Defined at:
		line 425 in file "C:\Program Files (x86)\Microchip\xc8\v1.43\sources\common\doprnt.c"
 Parameters:    Size  Location     Type
  scl             1    wreg     char 
 Auto vars:     Size  Location     Type
  scl             1   68[COMRAM] char 
 Return value:  Size  Location     Type
                  3   62[COMRAM] char 
 Registers used:
		wreg, status,2, status,0, tblptrl, tblptrh, tblptru, prodl, prodh, cstack
 Tracked objects:
		On entry : 
		On exit  : 
		Unchanged: 
 Data sizes:     COMRAM   BANK0   BANK1   BANK2   BANK3   BANK4   BANK5
      Params:         3       0       0       0       0       0       0
      Locals:         4       0       0       0       0       0       0
      Temps:          0       0       0       0       0       0       0
      Totals:         7       0       0       0       0       0       0
Total ram usage:        7 bytes
 Hardware stack levels used:    1
 Hardware stack levels required when called:    2
 This function calls:
		___awdiv
		___awmod
		___ftmul
		___wmul
 This function is called by:
		_printf
 This function uses a non-reentrant model


 *************** function _putch *****************
 Defined at:
		line 6 in file "//nsccdtfs4/students/W0401926/Assignments/Microcontrollers/files/usart.c"
 Parameters:    Size  Location     Type
  byte            1    wreg     unsigned char 
 Auto vars:     Size  Location     Type
  byte            1    0[COMRAM] unsigned char 
 Return value:  Size  Location     Type
                  1    wreg      void 
 Registers used:
		wreg
 Tracked objects:
		On entry : 
		On exit  : 
		Unchanged: 
 Data sizes:     COMRAM   BANK0   BANK1   BANK2   BANK3   BANK4   BANK5
      Params:         0       0       0       0       0       0       0
      Locals:         1       0       0       0       0       0       0
      Temps:          0       0       0       0       0       0       0
      Totals:         1       0       0       0       0       0       0
Total ram usage:        1 bytes
 Hardware stack levels used:    1
 This function calls:
		Nothing
 This function is called by:
		_printf
		_getche
 This function uses a non-reentrant model


 *************** function _isdigit *****************
 Defined at:
		line 8 in file "C:\Program Files (x86)\Microchip\xc8\v1.43\sources\common\isdigit.c"
 Parameters:    Size  Location     Type
  c               1    wreg     unsigned char 
 Auto vars:     Size  Location     Type
  c               1    2[COMRAM] unsigned char 
 Return value:  Size  Location     Type
		None               void
 Registers used:
		wreg, status,2, status,0
 Tracked objects:
		On entry : 
		On exit  : 
		Unchanged: 
 Data sizes:     COMRAM   BANK0   BANK1   BANK2   BANK3   BANK4   BANK5
      Params:         0       0       0       0       0       0       0
      Locals:         2       0       0       0       0       0       0
      Temps:          1       0       0       0       0       0       0
      Totals:         3       0       0       0       0       0       0
Total ram usage:        3 bytes
 Hardware stack levels used:    1
 This function calls:
		Nothing
 This function is called by:
		_printf
 This function uses a non-reentrant model


 *************** function _fround *****************
 Defined at:
		line 409 in file "C:\Program Files (x86)\Microchip\xc8\v1.43\sources\common\doprnt.c"
 Parameters:    Size  Location     Type
  prec            1    wreg     unsigned char 
 Auto vars:     Size  Location     Type
  prec            1   71[COMRAM] unsigned char 
 Return value:  Size  Location     Type
                  3   62[COMRAM] unsigned char 
 Registers used:
		wreg, status,2, status,0, tblptrl, tblptrh, tblptru, prodl, prodh, cstack
 Tracked objects:
		On entry : 
		On exit  : 
		Unchanged: 
 Data sizes:     COMRAM   BANK0   BANK1   BANK2   BANK3   BANK4   BANK5
      Params:         3       0       0       0       0       0       0
      Locals:         7       0       0       0       0       0       0
      Temps:          0       0       0       0       0       0       0
      Totals:        10       0       0       0       0       0       0
Total ram usage:       10 bytes
 Hardware stack levels used:    1
 Hardware stack levels required when called:    2
 This function calls:
		___awdiv
		___awmod
		___ftmul
		___wmul
 This function is called by:
		_printf
 This function uses a non-reentrant model


 *************** function ___wmul *****************
 Defined at:
		line 15 in file "C:\Program Files (x86)\Microchip\xc8\v1.43\sources\common\Umul16.c"
 Parameters:    Size  Location     Type
  multiplier      2   14[COMRAM] unsigned int 
  multiplicand    2   16[COMRAM] unsigned int 
 Auto vars:     Size  Location     Type
  product         2   18[COMRAM] unsigned int 
 Return value:  Size  Location     Type
                  2   14[COMRAM] unsigned int 
 Registers used:
		wreg, status,2, status,0, prodl, prodh
 Tracked objects:
		On entry : 
		On exit  : 
		Unchanged: 
 Data sizes:     COMRAM   BANK0   BANK1   BANK2   BANK3   BANK4   BANK5
      Params:         4       0       0       0       0       0       0
      Locals:         2       0       0       0       0       0       0
      Temps:          0       0       0       0       0       0       0
      Totals:         6       0       0       0       0       0       0
Total ram usage:        6 bytes
 Hardware stack levels used:    1
 This function calls:
		Nothing
 This function is called by:
		_fround
		_scale
		_printf
 This function uses a non-reentrant model


 *************** function ___ftmul *****************
 Defined at:
		line 62 in file "C:\Program Files (x86)\Microchip\xc8\v1.43\sources\common\ftmul.c"
 Parameters:    Size  Location     Type
  f1              3   47[COMRAM] float 
  f2              3   50[COMRAM] float 
 Auto vars:     Size  Location     Type
  f3_as_produc    3   57[COMRAM] unsigned um
  sign            1   61[COMRAM] unsigned char 
  cntr            1   60[COMRAM] unsigned char 
  exp             1   56[COMRAM] unsigned char 
 Return value:  Size  Location     Type
                  3   47[COMRAM] float 
 Registers used:
		wreg, status,2, status,0, cstack
 Tracked objects:
		On entry : 
		On exit  : 
		Unchanged: 
 Data sizes:     COMRAM   BANK0   BANK1   BANK2   BANK3   BANK4   BANK5
      Params:         6       0       0       0       0       0       0
      Locals:         6       0       0       0       0       0       0
      Temps:          3       0       0       0       0       0       0
      Totals:        15       0       0       0       0       0       0
Total ram usage:       15 bytes
 Hardware stack levels used:    1
 Hardware stack levels required when called:    1
 This function calls:
		___ftpack
 This function is called by:
		_main
		_fround
		_scale
		_printf
 This function uses a non-reentrant model


 *************** function ___awmod *****************
 Defined at:
		line 8 in file "C:\Program Files (x86)\Microchip\xc8\v1.43\sources\common\awmod.c"
 Parameters:    Size  Location     Type
  dividend        2    0[COMRAM] int 
  divisor         2    2[COMRAM] int 
 Auto vars:     Size  Location     Type
  sign            1    5[COMRAM] unsigned char 
  counter         1    4[COMRAM] unsigned char 
 Return value:  Size  Location     Type
                  2    0[COMRAM] int 
 Registers used:
		wreg, status,2, status,0
 Tracked objects:
		On entry : 
		On exit  : 
		Unchanged: 
 Data sizes:     COMRAM   BANK0   BANK1   BANK2   BANK3   BANK4   BANK5
      Params:         4       0       0       0       0       0       0
      Locals:         2       0       0       0       0       0       0
      Temps:          0       0       0       0       0       0       0
      Totals:         6       0       0       0       0       0       0
Total ram usage:        6 bytes
 Hardware stack levels used:    1
 This function calls:
		Nothing
 This function is called by:
		_fround
		_scale
		_printf
 This function uses a non-reentrant model


 *************** function ___awdiv *****************
 Defined at:
		line 8 in file "C:\Program Files (x86)\Microchip\xc8\v1.43\sources\common\awdiv.c"
 Parameters:    Size  Location     Type
  dividend        2    6[COMRAM] int 
  divisor         2    8[COMRAM] int 
 Auto vars:     Size  Location     Type
  quotient        2   12[COMRAM] int 
  sign            1   11[COMRAM] unsigned char 
  counter         1   10[COMRAM] unsigned char 
 Return value:  Size  Location     Type
                  2    6[COMRAM] int 
 Registers used:
		wreg, status,2, status,0
 Tracked objects:
		On entry : 
		On exit  : 
		Unchanged: 
 Data sizes:     COMRAM   BANK0   BANK1   BANK2   BANK3   BANK4   BANK5
      Params:         4       0       0       0       0       0       0
      Locals:         4       0       0       0       0       0       0
      Temps:          0       0       0       0       0       0       0
      Totals:         8       0       0       0       0       0       0
Total ram usage:        8 bytes
 Hardware stack levels used:    1
 This function calls:
		Nothing
 This function is called by:
		_fround
		_scale
		_printf
 This function uses a non-reentrant model


 *************** function __tdiv_to_l_ *****************
 Defined at:
		line 60 in file "C:\Program Files (x86)\Microchip\xc8\v1.43\sources\common\ftdivl.c"
 Parameters:    Size  Location     Type
  f1              3    0[COMRAM] float 
  f2              3    3[COMRAM] float 
 Auto vars:     Size  Location     Type
  quot            4    9[COMRAM] unsigned long 
  exp1            1   14[COMRAM] unsigned char 
  cntr            1   13[COMRAM] unsigned char 
 Return value:  Size  Location     Type
                  4    0[COMRAM] unsigned long 
 Registers used:
		wreg, status,2, status,0
 Tracked objects:
		On entry : 
		On exit  : 
		Unchanged: 
 Data sizes:     COMRAM   BANK0   BANK1   BANK2   BANK3   BANK4   BANK5
      Params:         6       0       0       0       0       0       0
      Locals:         6       0       0       0       0       0       0
      Temps:          3       0       0       0       0       0       0
      Totals:        15       0       0       0       0       0       0
Total ram usage:       15 bytes
 Hardware stack levels used:    1
 This function calls:
		Nothing
 This function is called by:
		_printf
 This function uses a non-reentrant model


 *************** function __div_to_l_ *****************
 Defined at:
		line 60 in file "C:\Program Files (x86)\Microchip\xc8\v1.43\sources\common\fldivl.c"
 Parameters:    Size  Location     Type
  f1              3    0[COMRAM] unsigned long 
  f2              3    3[COMRAM] unsigned long 
 Auto vars:     Size  Location     Type
  quot            4    6[COMRAM] unsigned long 
  exp1            1   11[COMRAM] unsigned char 
  cntr            1   10[COMRAM] unsigned char 
 Return value:  Size  Location     Type
                  4    0[COMRAM] unsigned long 
 Registers used:
		wreg, status,2, status,0
 Tracked objects:
		On entry : 
		On exit  : 
		Unchanged: 
 Data sizes:     COMRAM   BANK0   BANK1   BANK2   BANK3   BANK4   BANK5
      Params:         6       0       0       0       0       0       0
      Locals:         6       0       0       0       0       0       0
      Temps:          0       0       0       0       0       0       0
      Totals:        12       0       0       0       0       0       0
Total ram usage:       12 bytes
 Hardware stack levels used:    1
 This function calls:
		Nothing
 This function is called by:
		_printf
 This function uses a non-reentrant model


 *************** function ___lltoft *****************
 Defined at:
		line 35 in file "C:\Program Files (x86)\Microchip\xc8\v1.43\sources\common\lltoft.c"
 Parameters:    Size  Location     Type
  c               4   35[COMRAM] unsigned long 
 Auto vars:     Size  Location     Type
  exp             1   43[COMRAM] unsigned char 
 Return value:  Size  Location     Type
                  3   35[COMRAM] float 
 Registers used:
		wreg, status,2, status,0, cstack
 Tracked objects:
		On entry : 
		On exit  : 
		Unchanged: 
 Data sizes:     COMRAM   BANK0   BANK1   BANK2   BANK3   BANK4   BANK5
      Params:         4       0       0       0       0       0       0
      Locals:         1       0       0       0       0       0       0
      Temps:          4       0       0       0       0       0       0
      Totals:         9       0       0       0       0       0       0
Total ram usage:        9 bytes
 Hardware stack levels used:    1
 Hardware stack levels required when called:    1
 This function calls:
		___ftpack
 This function is called by:
		_printf
 This function uses a non-reentrant model


 *************** function ___llmod *****************
 Defined at:
		line 8 in file "C:\Program Files (x86)\Microchip\xc8\v1.43\sources\common\llmod.c"
 Parameters:    Size  Location     Type
  dividend        4   13[COMRAM] unsigned long 
  divisor         4   17[COMRAM] unsigned long 
 Auto vars:     Size  Location     Type
  counter         1   21[COMRAM] unsigned char 
 Return value:  Size  Location     Type
                  4   13[COMRAM] unsigned long 
 Registers used:
		wreg, status,2, status,0
 Tracked objects:
		On entry : 
		On exit  : 
		Unchanged: 
 Data sizes:     COMRAM   BANK0   BANK1   BANK2   BANK3   BANK4   BANK5
      Params:         8       0       0       0       0       0       0
      Locals:         1       0       0       0       0       0       0
      Temps:          0       0       0       0       0       0       0
      Totals:         9       0       0       0       0       0       0
Total ram usage:        9 bytes
 Hardware stack levels used:    1
 This function calls:
		Nothing
 This function is called by:
		_printf
 This function uses a non-reentrant model


 *************** function ___lldiv *****************
 Defined at:
		line 8 in file "C:\Program Files (x86)\Microchip\xc8\v1.43\sources\common\lldiv.c"
 Parameters:    Size  Location     Type
  dividend        4    0[COMRAM] unsigned long 
  divisor         4    4[COMRAM] unsigned long 
 Auto vars:     Size  Location     Type
  quotient        4    8[COMRAM] unsigned long 
  counter         1   12[COMRAM] unsigned char 
 Return value:  Size  Location     Type
                  4    0[COMRAM] unsigned long 
 Registers used:
		wreg, status,2, status,0
 Tracked objects:
		On entry : 
		On exit  : 
		Unchanged: 
 Data sizes:     COMRAM   BANK0   BANK1   BANK2   BANK3   BANK4   BANK5
      Params:         8       0       0       0       0       0       0
      Locals:         5       0       0       0       0       0       0
      Temps:          0       0       0       0       0       0       0
      Totals:        13       0       0       0       0       0       0
Total ram usage:       13 bytes
 Hardware stack levels used:    1
 This function calls:
		Nothing
 This function is called by:
		_printf
 This function uses a non-reentrant model


 *************** function ___fttol *****************
 Defined at:
		line 44 in file "C:\Program Files (x86)\Microchip\xc8\v1.43\sources\common\fttol.c"
 Parameters:    Size  Location     Type
  f1              3   20[COMRAM] float 
 Auto vars:     Size  Location     Type
  lval            4   30[COMRAM] unsigned long 
  exp1            1   34[COMRAM] unsigned char 
  sign1           1   29[COMRAM] unsigned char 
 Return value:  Size  Location     Type
                  4   20[COMRAM] long 
 Registers used:
		wreg, status,2, status,0
 Tracked objects:
		On entry : 
		On exit  : 
		Unchanged: 
 Data sizes:     COMRAM   BANK0   BANK1   BANK2   BANK3   BANK4   BANK5
      Params:         4       0       0       0       0       0       0
      Locals:         6       0       0       0       0       0       0
      Temps:          5       0       0       0       0       0       0
      Totals:        15       0       0       0       0       0       0
Total ram usage:       15 bytes
 Hardware stack levels used:    1
 This function calls:
		Nothing
 This function is called by:
		_main
		_printf
 This function uses a non-reentrant model


 *************** function ___ftsub *****************
 Defined at:
		line 20 in file "C:\Program Files (x86)\Microchip\xc8\v1.43\sources\common\ftsub.c"
 Parameters:    Size  Location     Type
  f1              3   84[COMRAM] float 
  f2              3   87[COMRAM] float 
 Auto vars:     Size  Location     Type
		None
 Return value:  Size  Location     Type
                  3   84[COMRAM] float 
 Registers used:
		wreg, status,2, status,0, cstack
 Tracked objects:
		On entry : 
		On exit  : 
		Unchanged: 
 Data sizes:     COMRAM   BANK0   BANK1   BANK2   BANK3   BANK4   BANK5
      Params:         6       0       0       0       0       0       0
      Locals:         0       0       0       0       0       0       0
      Temps:          0       0       0       0       0       0       0
      Totals:         6       0       0       0       0       0       0
Total ram usage:        6 bytes
 Hardware stack levels used:    1
 Hardware stack levels required when called:    2
 This function calls:
		___ftadd
 This function is called by:
		_printf
 This function uses a non-reentrant model


 *************** function ___ftadd *****************
 Defined at:
		line 86 in file "C:\Program Files (x86)\Microchip\xc8\v1.43\sources\common\ftadd.c"
 Parameters:    Size  Location     Type
  f1              3   72[COMRAM] float 
  f2              3   75[COMRAM] float 
 Auto vars:     Size  Location     Type
  exp1            1   83[COMRAM] unsigned char 
  exp2            1   82[COMRAM] unsigned char 
  sign            1   81[COMRAM] unsigned char 
 Return value:  Size  Location     Type
                  3   72[COMRAM] float 
 Registers used:
		wreg, status,2, status,0, cstack
 Tracked objects:
		On entry : 
		On exit  : 
		Unchanged: 
 Data sizes:     COMRAM   BANK0   BANK1   BANK2   BANK3   BANK4   BANK5
      Params:         6       0       0       0       0       0       0
      Locals:         3       0       0       0       0       0       0
      Temps:          3       0       0       0       0       0       0
      Totals:        12       0       0       0       0       0       0
Total ram usage:       12 bytes
 Hardware stack levels used:    1
 Hardware stack levels required when called:    1
 This function calls:
		___ftpack
 This function is called by:
		_printf
		___ftsub
 This function uses a non-reentrant model


 *************** function ___ftneg *****************
 Defined at:
		line 15 in file "C:\Program Files (x86)\Microchip\xc8\v1.43\sources\common\ftneg.c"
 Parameters:    Size  Location     Type
  f1              3   44[COMRAM] float 
 Auto vars:     Size  Location     Type
		None
 Return value:  Size  Location     Type
                  3   44[COMRAM] float 
 Registers used:
		wreg, status,2, status,0
 Tracked objects:
		On entry : 
		On exit  : 
		Unchanged: 
 Data sizes:     COMRAM   BANK0   BANK1   BANK2   BANK3   BANK4   BANK5
      Params:         3       0       0       0       0       0       0
      Locals:         0       0       0       0       0       0       0
      Temps:          0       0       0       0       0       0       0
      Totals:         3       0       0       0       0       0       0
Total ram usage:        3 bytes
 Hardware stack levels used:    1
 This function calls:
		Nothing
 This function is called by:
		_printf
 This function uses a non-reentrant model


 *************** function ___ftge *****************
 Defined at:
		line 4 in file "C:\Program Files (x86)\Microchip\xc8\v1.43\sources\common\ftge.c"
 Parameters:    Size  Location     Type
  ff1             3   84[COMRAM] float 
  ff2             3   87[COMRAM] float 
 Auto vars:     Size  Location     Type
		None
 Return value:  Size  Location     Type
		None               void
 Registers used:
		wreg, status,2, status,0
 Tracked objects:
		On entry : 
		On exit  : 
		Unchanged: 
 Data sizes:     COMRAM   BANK0   BANK1   BANK2   BANK3   BANK4   BANK5
      Params:         6       0       0       0       0       0       0
      Locals:         0       0       0       0       0       0       0
      Temps:          3       0       0       0       0       0       0
      Totals:         9       0       0       0       0       0       0
Total ram usage:        9 bytes
 Hardware stack levels used:    1
 This function calls:
		Nothing
 This function is called by:
		_printf
 This function uses a non-reentrant model


 *************** function ___ftdiv *****************
 Defined at:
		line 54 in file "C:\Program Files (x86)\Microchip\xc8\v1.43\sources\common\ftdiv.c"
 Parameters:    Size  Location     Type
  f1              3   69[COMRAM] float 
  f2              3   72[COMRAM] float 
 Auto vars:     Size  Location     Type
  f3              3   79[COMRAM] float 
  sign            1   83[COMRAM] unsigned char 
  exp             1   82[COMRAM] unsigned char 
  cntr            1   78[COMRAM] unsigned char 
 Return value:  Size  Location     Type
                  3   69[COMRAM] float 
 Registers used:
		wreg, status,2, status,0, cstack
 Tracked objects:
		On entry : 
		On exit  : 
		Unchanged: 
 Data sizes:     COMRAM   BANK0   BANK1   BANK2   BANK3   BANK4   BANK5
      Params:         6       0       0       0       0       0       0
      Locals:         6       0       0       0       0       0       0
      Temps:          3       0       0       0       0       0       0
      Totals:        15       0       0       0       0       0       0
Total ram usage:       15 bytes
 Hardware stack levels used:    1
 Hardware stack levels required when called:    1
 This function calls:
		___ftpack
 This function is called by:
		_printf
 This function uses a non-reentrant model


 *************** function ___ftpack *****************
 Defined at:
		line 62 in file "C:\Program Files (x86)\Microchip\xc8\v1.43\sources\common\float.c"
 Parameters:    Size  Location     Type
  arg             3    0[COMRAM] unsigned um
  exp             1    3[COMRAM] unsigned char 
  sign            1    4[COMRAM] unsigned char 
 Auto vars:     Size  Location     Type
		None
 Return value:  Size  Location     Type
                  3    0[COMRAM] float 
 Registers used:
		wreg, status,2, status,0
 Tracked objects:
		On entry : 
		On exit  : 
		Unchanged: 
 Data sizes:     COMRAM   BANK0   BANK1   BANK2   BANK3   BANK4   BANK5
      Params:         5       0       0       0       0       0       0
      Locals:         0       0       0       0       0       0       0
      Temps:          3       0       0       0       0       0       0
      Totals:         8       0       0       0       0       0       0
Total ram usage:        8 bytes
 Hardware stack levels used:    1
 This function calls:
		Nothing
 This function is called by:
		___ftadd
		___ftdiv
		___ftmul
		___lltoft
 This function uses a non-reentrant model



MODULE INFORMATION

Module		Function		Class		Link	Load	Size
C:\Program Files (x86)\Microchip\xc8\v1.43\sources\common\ftmul.c
		___ftmul       		CODE           	5CC6	0000	245

C:\Program Files (x86)\Microchip\xc8\v1.43\sources\common\ftmul.c estimated size: 245

C:\Program Files (x86)\Microchip\xc8\v1.43\sources\common\fldivl.c
		__div_to_l_    		CODE           	5DBA	0000	297

C:\Program Files (x86)\Microchip\xc8\v1.43\sources\common\fldivl.c estimated size: 297

C:\Program Files (x86)\Microchip\xc8\v1.43\sources\common\isdigit.c
		_isdigit       		CODE           	56CE	0000	31

C:\Program Files (x86)\Microchip\xc8\v1.43\sources\common\isdigit.c estimated size: 31

C:\Program Files (x86)\Microchip\xc8\v1.43\sources\common\ftdiv.c
		___ftdiv       		CODE           	5AEC	0000	231

C:\Program Files (x86)\Microchip\xc8\v1.43\sources\common\ftdiv.c estimated size: 231

C:\Program Files (x86)\Microchip\xc8\v1.43\sources\common\ftge.c
		___ftge        		CODE           	59AE	0000	145

C:\Program Files (x86)\Microchip\xc8\v1.43\sources\common\ftge.c estimated size: 145

C:\Program Files (x86)\Microchip\xc8\v1.43\sources\common\awdiv.c
		___awdiv       		CODE           	592A	0000	133

C:\Program Files (x86)\Microchip\xc8\v1.43\sources\common\awdiv.c estimated size: 133

C:\Program Files (x86)\Microchip\xc8\v1.43\sources\common\lldiv.c
		___lldiv       		CODE           	58A8	0000	131

C:\Program Files (x86)\Microchip\xc8\v1.43\sources\common\lldiv.c estimated size: 131

//nsccdtfs4/students/W0401926/Assignments/Microcontrollers/files/usart.c
		_putch         		CODE           	56AA	0000	13

//nsccdtfs4/students/W0401926/Assignments/Microcontrollers/files/usart.c estimated size: 13

C:\Program Files (x86)\Microchip\xc8\v1.43\sources\common\fttol.c
		___fttol       		CODE           	5BD2	0000	245

C:\Program Files (x86)\Microchip\xc8\v1.43\sources\common\fttol.c estimated size: 245

C:\Program Files (x86)\Microchip\xc8\v1.43\sources\common\doprnt.c
		_scale         		CODE           	65C4	0000	1033
		_printf        		CODE           	69CC	0000	5357
		_fround        		CODE           	6372	0000	595

C:\Program Files (x86)\Microchip\xc8\v1.43\sources\common\doprnt.c estimated size: 6985

C:\Program Files (x86)\Microchip\xc8\v1.43\sources\common\lltoft.c
		___lltoft      		CODE           	5776	0000	93

C:\Program Files (x86)\Microchip\xc8\v1.43\sources\common\lltoft.c estimated size: 93

C:\Program Files (x86)\Microchip\xc8\v1.43\sources\common\ftadd.c
		___ftadd       		CODE           	6014	0000	429

C:\Program Files (x86)\Microchip\xc8\v1.43\sources\common\ftadd.c estimated size: 429

shared
		__powers_      		MEDIUMCONST    	7EE1	0000	40
		_dpowers       		MEDIUMCONST    	7EB9	0000	41
		__npowers_     		MEDIUMCONST    	7F08	0000	40
		__initialization		CODE           	56A0	0000	1

shared estimated size: 122

//nsccdtfs4/students/W0401926/Assignments/Microcontrollers/files/Var_Op.c
		_main          		CODE           	61C0	0000	435
		_setUSART      		CODE           	56B6	0000	25

//nsccdtfs4/students/W0401926/Assignments/Microcontrollers/files/Var_Op.c estimated size: 460

C:\Program Files (x86)\Microchip\xc8\v1.43\sources\common\ftdivl.c
		__tdiv_to_l_   		CODE           	5EE2	0000	307

C:\Program Files (x86)\Microchip\xc8\v1.43\sources\common\ftdivl.c estimated size: 307

C:\Program Files (x86)\Microchip\xc8\v1.43\sources\common\ftneg.c
		___ftneg       		CODE           	56EC	0000	37

C:\Program Files (x86)\Microchip\xc8\v1.43\sources\common\ftneg.c estimated size: 37

C:\Program Files (x86)\Microchip\xc8\v1.43\sources\common\Umul16.c
		___wmul        		CODE           	5710	0000	39

C:\Program Files (x86)\Microchip\xc8\v1.43\sources\common\Umul16.c estimated size: 39

C:\Program Files (x86)\Microchip\xc8\v1.43\sources\common\ftsub.c
		___ftsub       		CODE           	5736	0000	65

C:\Program Files (x86)\Microchip\xc8\v1.43\sources\common\ftsub.c estimated size: 65

C:\Program Files (x86)\Microchip\xc8\v1.43\sources\common\float.c
		___ftpack      		CODE           	5A3E	0000	175

C:\Program Files (x86)\Microchip\xc8\v1.43\sources\common\float.c estimated size: 175

C:\Program Files (x86)\Microchip\xc8\v1.43\sources\common\awmod.c
		___awmod       		CODE           	5838	0000	113

C:\Program Files (x86)\Microchip\xc8\v1.43\sources\common\awmod.c estimated size: 113

C:\Program Files (x86)\Microchip\xc8\v1.43\sources\common\llmod.c
		___llmod       		CODE           	57D2	0000	103

C:\Program Files (x86)\Microchip\xc8\v1.43\sources\common\llmod.c estimated size: 103

